(node:32488) [DEP0040] DeprecationWarning: The `punycode` module is deprecated. Please use a userland alternative instead.
(Use `node --trace-deprecation ...` to show where the warning was created)
info Welcome to React Native v0.73
info Starting dev server on port 8081...

                        ▒▒▓▓▓▓▒▒
                     ▒▓▓▓▒▒░░▒▒▓▓▓▒
                  ▒▓▓▓▓░░░▒▒▒▒░░░▓▓▓▓▒
                 ▓▓▒▒▒▓▓▓▓▓▓▓▓▓▓▓▓▒▒▒▓▓
                 ▓▓░░░░░▒▓▓▓▓▓▓▒░░░░░▓▓
                 ▓▓░░▓▓▒░░░▒▒░░░▒▓▒░░▓▓
                 ▓▓░░▓▓▓▓▓▒▒▒▒▓▓▓▓▒░░▓▓
                 ▓▓░░▓▓▓▓▓▓▓▓▓▓▓▓▓▒░░▓▓
                 ▓▓▒░░▒▒▓▓▓▓▓▓▓▓▒░░░▒▓▓
                  ▒▓▓▓▒░░░▒▓▓▒░░░▒▓▓▓▒
                     ▒▓▓▓▒░░░░▒▓▓▓▒
                        ▒▒▓▓▓▓▒▒


warning: the transform cache was reset.
                Welcome to Metro v0.80.12
              Fast - Scalable - Integrated


info React Native v0.83.0 is now available (your project is running on v0.73.2).
info Changelog: https://github.com/facebook/react-native/releases/tag/v0.83.0
info Diff: https://react-native-community.github.io/upgrade-helper/?from=0.83.0
info For more info, check out "https://reactnative.dev/docs/upgrading?os=macos".
node:events:502
      throw er; // Unhandled 'error' event
      ^

Error: EMFILE: too many open files, watch
    at FSWatcher._handle.onchange (node:internal/fs/watchers:207:21)
Emitted 'error' event on NodeWatcher instance at:
    at FSWatcher._checkedEmitError (/Users/bhavinpatolia/Documents/AIproject/ai-games/omg-word-pop-react-native/node_modules/metro-file-map/src/watchers/NodeWatcher.js:82:12)
    at FSWatcher.emit (node:events:524:28)
    at FSWatcher._handle.onchange (node:internal/fs/watchers:213:12) {
  errno: -24,
  syscall: 'watch',
  code: 'EMFILE',
  filename: null
}

Node.js v22.13.1
